Factor: EP (D:\因子计算\市盈率\EP因子_交付版\因子结果\ep.parquet)
Output: D:\因子计算\市盈率\EP因子_交付版\回归结果\ep\RankIC
Scanning market index (calendar + BSE code switch)...
Reading 129 selected market dates...
Deriving and validating BSE code mapping...
Reading monthly factor and industry cross-sections...
Building fixed-endpoint adjusted forward returns...
Building monthly regression samples...
Running monthly Rank IC...
IC 2020-07-31 n=3,812 ic=+0.0610 raw=+0.0490
IC 2020-08-31 n=3,879 ic=-0.0139 raw=-0.0016
IC 2020-09-30 n=3,944 ic=+0.0717 raw=+0.0855
IC 2020-10-30 n=3,976 ic=+0.0353 raw=+0.0667
IC 2020-11-30 n=3,999 ic=-0.0268 raw=+0.0877
IC 2020-12-31 n=4,038 ic=+0.0783 raw=+0.1833
IC 2021-01-29 n=4,059 ic=+0.0451 raw=+0.0044
IC 2021-02-26 n=4,086 ic=+0.0706 raw=+0.0910
IC 2021-03-31 n=4,127 ic=-0.0942 raw=-0.0832
IC 2021-04-30 n=4,168 ic=-0.1708 raw=-0.2353
IC 2021-05-31 n=4,241 ic=-0.0544 raw=-0.0852
IC 2021-06-30 n=4,289 ic=-0.0383 raw=-0.0489
IC 2021-07-30 n=4,337 ic=+0.0935 raw=+0.1422
IC 2021-08-31 n=4,374 ic=+0.0541 raw=+0.0576
IC 2021-09-30 n=4,405 ic=-0.0570 raw=-0.0479
IC 2021-10-29 n=4,440 ic=+0.0206 raw=-0.0982
IC 2021-11-30 n=4,547 ic=+0.1344 raw=+0.1153
IC 2021-12-31 n=4,584 ic=+0.1654 raw=+0.2180
IC 2022-01-28 n=4,621 ic=-0.0725 raw=-0.1136
IC 2022-02-28 n=4,633 ic=+0.0398 raw=+0.0391
IC 2022-03-31 n=4,597 ic=+0.0881 raw=+0.1977
IC 2022-04-29 n=4,628 ic=-0.1040 raw=-0.1651
IC 2022-05-31 n=4,706 ic=-0.0584 raw=-0.0113
IC 2022-06-30 n=4,740 ic=-0.0676 raw=-0.1398
IC 2022-07-29 n=4,778 ic=+0.0498 raw=+0.0537
IC 2022-08-31 n=4,831 ic=+0.1010 raw=+0.1315
IC 2022-09-30 n=4,876 ic=-0.0482 raw=-0.1554
IC 2022-10-31 n=4,912 ic=+0.0098 raw=+0.0269
IC 2022-11-30 n=4,936 ic=-0.0290 raw=-0.0285
IC 2022-12-30 n=4,993 ic=+0.0981 raw=+0.0873
IC 2023-01-31 n=5,001 ic=+0.1404 raw=+0.0517
IC 2023-02-28 n=5,022 ic=+0.0663 raw=-0.0216
IC 2023-03-31 n=4,995 ic=+0.0622 raw=+0.1069
IC 2023-04-28 n=5,062 ic=+0.0374 raw=-0.0916
IC 2023-05-31 n=5,142 ic=-0.0046 raw=+0.0449
IC 2023-06-30 n=5,179 ic=+0.0161 raw=+0.0840
IC 2023-07-31 n=5,224 ic=+0.0467 raw=-0.0347
IC 2023-08-31 n=5,256 ic=+0.0194 raw=+0.0301
IC 2023-09-28 n=5,277 ic=-0.1740 raw=-0.2092
IC 2023-10-31 n=5,294 ic=+0.0307 raw=-0.0991
IC 2023-11-30 n=5,295 ic=+0.1746 raw=+0.1770
IC 2023-12-29 n=5,311 ic=+0.1587 raw=+0.3585
IC 2024-01-31 n=5,323 ic=+0.0953 raw=+0.1404
IC 2024-02-29 n=5,327 ic=-0.0048 raw=-0.0473
IC 2024-03-29 n=5,318 ic=+0.2211 raw=+0.3658
IC 2024-04-30 n=5,280 ic=+0.1834 raw=+0.2320
IC 2024-05-31 n=5,320 ic=+0.1862 raw=+0.1978
IC 2024-06-28 n=5,318 ic=-0.1678 raw=-0.2273
IC 2024-07-31 n=5,319 ic=-0.0111 raw=-0.0032
IC 2024-08-30 n=5,322 ic=-0.0670 raw=-0.2194
IC 2024-09-30 n=5,322 ic=-0.0906 raw=-0.1153
IC 2024-10-31 n=5,329 ic=-0.0113 raw=-0.1626
IC 2024-11-29 n=5,342 ic=+0.2505 raw=+0.3582
IC 2024-12-31 n=5,346 ic=+0.1064 raw=+0.0332
IC 2025-01-27 n=5,357 ic=-0.0751 raw=-0.1777
IC 2025-02-28 n=5,355 ic=+0.2329 raw=+0.2762
IC 2025-03-31 n=5,348 ic=-0.0916 raw=-0.1266
IC 2025-04-30 n=5,323 ic=-0.0026 raw=-0.0519
IC 2025-05-30 n=5,360 ic=-0.0161 raw=-0.1185
IC 2025-06-30 n=5,381 ic=+0.0776 raw=+0.0310
IC 2025-07-31 n=5,388 ic=-0.0492 raw=-0.0133
IC 2025-08-29 n=5,387 ic=+0.0447 raw=+0.1136
IC 2025-09-30 n=5,400 ic=+0.0304 raw=-0.0458
IC 2025-10-31 n=5,398 ic=-0.0258 raw=-0.0475
Rank IC completed
factor=EP
months=64
ic_mean=0.0276679975
ir=0.288729
ic_t=2.309834
ic_p=0.024187
ic_positive_ratio=0.578125
saved=D:\因子计算\市盈率\EP因子_交付版\回归结果\ep\RankIC

[elapsed] 24.6 s
